add content
another line